############################################################
#
# ICECommonSignal.lst
#  - The list file of ICE Common Signal for PinChecker
#
# Author : Koji HIJIKURO<koji.hijikuro.rj@rms.renesas.com>
# Date   : 2010/11/08
#
############################################################
CLK30MHZ
EVAOSCMCLK
RESET_B
ICESYSRES_B
ICECPURES_B
EACONNECT_B
TCCONNECT_B
TVDDSEL
TVDDON
LEDCLOCK_B
LEDRESET_B
LEDRUN_B
LEDSTANDBY_B
LEDTVDD_B
LEDWAIT_B
USBCLK
USBRD_B
USBWR0_B
USBWAIT_B
USBA1
USBA2
USBA3
USBA4
USBA19
USBA20
USBA21
USBD0
USBD1
USBD2
USBD3
USBD4
USBD5
USBD6
USBD7
USBD8
USBD9
USBD10
USBD11
USBD12
USBD13
USBD14
USBD15
EROMCLK
EROMCSB
EROMWRB
EROMRDB
EROMPA0
EROMPA1
EROMPA2
EROMPA3
EROMPA4
EROMPA5
EROMPA6
EROMPA7
EROMPA8
EROMPA9
EROMPA10
EROMPA11
EROMPA12
EROMPA13
EROMPA14
EROMPA15
EROMPA16
EROMPA17
EROMPD0
EROMPD1
EROMPD2
EROMPD3
EROMPD4
EROMPD5
EROMPD6
EROMPD7
EROMPD8
EROMPD9
EROMPD10
EROMPD11
EROMPD12
EROMPD13
EROMPD14
EROMPD15
EROMPD16
EROMPD17
EROMPD18
EROMPD19
EROMPD20
EROMPD21
EROMPD22
EROMPD23
EROMPD24
EROMPD25
EROMPD26
EROMPD27
EROMPD28
EROMPD29
EROMPD30
EROMPD31
EROMPD32
EROMPD33
EROMPD34
EROMPD35
DIS_OUT
WWR_OUT
MRG00_OUT
MRG01_OUT
MRG10_OUT
MRG11_OUT
MRG12_OUT
READ_OUT
FCLK_OUT
RDCLKP1_OUT
PROGI_OUT
CER_OUT
SER_OUT
EXA_OUT
EXER_OUT
BFA_OUT
TMEMCLK0
TMEMCLK1
TMEMCLK2
TMEMCS_B
TMEMRD_B
TMEMWR_B
TMEMA0
TMEMA1
TMEMA2
TMEMA3
TMEMA4
TMEMA5
TMEMA6
TMEMA7
TMEMA8
TMEMA9
TMEMA10
TMEMA11
TMEMA12
TMEMA13
TMEMA14
TMEMA15
TMEMA16
TMEMD0
TMEMD1
TMEMD2
TMEMD3
TMEMD4
TMEMD5
TMEMD6
TMEMD7
TMEMD8
TMEMD9
TMEMD10
TMEMD11
TMEMD12
TMEMD13
TMEMD14
TMEMD15
TMEMD16
TMEMD17
TMEMD18
TMEMD19
TMEMD20
TMEMD21
TMEMD22
TMEMD23
TMEMD24
TMEMD25
TMEMD26
TMEMD27
TMEMD28
TMEMD29
TMEMD30
TMEMD31
TMEMD32
TMEMD33
TMEMD34
TMEMD35
TMEMD36
TMEMD37
TMEMD38
TMEMD39
TMEMD40
TMEMD41
TMEMD42
TMEMD43
TMEMD44
TMEMD45
TMEMD46
TMEMD47
TMEMD48
TMEMD49
TMEMD50
TMEMD51
TMEMD52
TMEMD53
TMEMD54
TMEMD55
TMEMD56
TMEMD57
TMEMD58
TMEMD59
TMEMD60
TMEMD61
TMEMD62
TMEMD63
TMEMD64
TMEMD65
TMEMD66
TMEMD67
TMEMD68
TMEMD69
TMEMD70
TMEMD71
TMEMD72
TMEMD73
TMEMD74
TMEMD75
TMEMD76
TMEMD77
TMEMD78
TMEMD79
TMEMD80
TMEMD81
TMEMD82
TMEMD83
TMEMD84
TMEMD85
TMEMD86
TMEMD87
TMEMD88
TMEMD89
TMEMD90
TMEMD91
TMEMD92
TMEMD93
TMEMD94
TMEMD95
TMEMD96
TMEMD97
TMEMD98
TMEMD99
TMEMD100
TMEMD101
TMEMD102
TMEMD103
TMEMD104
TMEMD105
TMEMD106
TMEMD107
LVISEL
